
── Project Structure ──────────────────────────────
  ✓  package.json
  ✓  tsconfig.json
  ✓  next.config.js
  ✓  tailwind.config.ts
  ✓  app/layout.tsx
  ✓  app/page.tsx
  ✓  app/styles/globals.css

── Section Components ─────────────────────────────
  ✓  HeroSection
  ✓  ProblemSection
  ✓  FieldsSection
  ✓  QuestionsSection
  ✓  AnalysisSection
  ✓  FlowVisualizationSection
  ✓  ToolsSection
  ✓  SystemsSection
  ✓  ResearchSection
  ✓  PhilosophyContactSections

── Navigation ─────────────────────────────────────
  ✓  Navigation.tsx

── Tests ──────────────────────────────────────────
  ✓  Unit tests
  ✓  E2E tests
  ✓  Playwright config

── CI Pipeline ────────────────────────────────────
  ✓  GitHub Actions

── Package Dependencies ───────────────────────────
  ✓  next
  ✓  react
  ✓  framer-motion
  ✓  three
  ✓  chart.js
  ✓  tailwindcss

── NPM Scripts ────────────────────────────────────
  ✓  script:dev
  ✓  script:build
  ✓  script:test
  ✓  script:lint
  ✓  script:type-check

══════════════════════════════════════════════════
  Diagnostics: 33/33 passed
  ✓  All checks passed
══════════════════════════════════════════════════
